Microchip MPLAB XC8 Compiler V2.00 ()

Linker command line:

-W-3 --edf=C:\Program Files (x86)\Microchip\xc8\v2.00\pic\dat\en_msgs.txt \
  -cs -h+dist/default/debug\Final_Project.X.debug.sym \
  --cmf=dist/default/debug\Final_Project.X.debug.cmf -z -Q18F4331 \
  -oC:\Users\rh2415\AppData\Local\Temp\sbvo.2 \
  -Mdist/default/debug/Final_Project.X.debug.map -E1 -ver=XC8 --acfsm=1493 \
  -ASTACK=0A4h-02f3h -pstack=STACK -ACODE=00h-01DBFh -ACONST=00h-01DBFh \
  -ASMALLCONST=0300h-03FFhx26,01D00h-01DBFh -AMEDIUMCONST=0300h-01DBFh \
  -ACOMRAM=01h-05Fh -AABS1=00h-02F3h -ABIGRAM=01h-02F3h \
  -ARAM=060h-0FFh,0100h-01FFh,0200h-02F3h -ABANK0=060h-0FFh \
  -ABANK1=0100h-01FFh -ABANK2=0200h-02F3h \
  -ASFR=0F60h-0F9Bh,0F9Dh-0FD3h,0FD5h-0FDAh,0FE0h-0FE2h,0FE8h-0FEAh,0FF0h-0FFCh \
  -preset_vec=00h,intcode,intcodelo,powerup,init -pramtop=0300h \
  -psmallconst=SMALLCONST -pmediumconst=MEDIUMCONST -pconst=CONST \
  -AFARRAM=00h-00h -ACONFIG=0300000h-030000Dh -pconfig=CONFIG \
  -AIDLOC=0200000h-0200007h -pidloc=IDLOC -AEEDATA=0F00000h-0F000FFh \
  -peeprom_data=EEDATA \
  -prdata=COMRAM,nvrram=COMRAM,nvbit=COMRAM,rbss=COMRAM,rbit=COMRAM \
  -pfarbss=FARRAM,fardata=FARRAM,nvFARRAM=FARRAM \
  -pintsave_regs=BIGRAM,bigbss=BIGRAM,bigdata=BIGRAM -pbss=RAM \
  -pidata=CODE,irdata=CODE,ibigdata=CODE,ifardata=CODE -prparam=COMRAM \
  C:\Users\rh2415\AppData\Local\Temp\sbvo.o \
  dist/default/debug\Final_Project.X.debug.o 

Object code version is 3.11

Machine type is 18F4331

Call graph: (short form)




                Name                               Link     Load   Length Selector   Space Scale
C:\Users\rh2415\AppData\Local\Temp\sbvo.o
                init                                  0        0        4        0       0
                idloc                            200000   200000        8   200000       0
                config                           300000   300000        E   300000       0
dist/default/debug\Final_Project.X.debug.o
                smallconst                          300      300       14      180       0
                text21                             101E     101E       1A      18A       0
                text20                             1038     1038        E      18A       0
                text19                              CD0      CD0       78      18A       0
                text18                              FD8      FD8       28      18A       0
                text17                              B92      B92       B6      18A       0
                text16                              F94      F94       44      18A       0
                text15                              F4A      F4A       4A      18A       0
                text14                              E0C      E0C       56      18A       0
                text13                              C48      C48       88      18A       0
                text12                              7FA      7FA      104      18A       0
                text11                              8FE      8FE       E4      18A       0
                text10                             1046     1046        2      18A       0
                text9                               9E2      9E2       DE      18A       0
                text8                               EB4      EB4       4C      18A       0
                text7                               E62      E62       52      18A       0
                text6                               AC0      AC0       D2      18A       0
                text5                               314      314      224      18A       0
                text4                               538      538      1A6      18A       0
                text3                               D48      D48       66      18A       0
                text2                               DAE      DAE       5E      18A       0
                text1                               F00      F00       4A      18A       0
                text0                               6DE      6DE      11C      18A       0
                cstackCOMRAM                          1        1       5D        1       1
                cstackBANK0                          86       86       1E       60       1
                bssBANK0                             60       60       26       60       1
                bssCOMRAM                            5E       5E        2        1       1
                cinit                              1000     1000       1E      18A       0

TOTAL           Name                               Link     Load   Length     Space
        CLASS   STACK          

        CLASS   CODE           
                init                                  0        0        4         0
                text21                             101E     101E       1A         0
                text20                             1038     1038        E         0
                text19                              CD0      CD0       78         0
                text18                              FD8      FD8       28         0
                text17                              B92      B92       B6         0
                text16                              F94      F94       44         0
                text15                              F4A      F4A       4A         0
                text14                              E0C      E0C       56         0
                text13                              C48      C48       88         0
                text12                              7FA      7FA      104         0
                text11                              8FE      8FE       E4         0
                text10                             1046     1046        2         0
                text9                               9E2      9E2       DE         0
                text8                               EB4      EB4       4C         0
                text7                               E62      E62       52         0
                text6                               AC0      AC0       D2         0
                text5                               314      314      224         0
                text4                               538      538      1A6         0
                text3                               D48      D48       66         0
                text2                               DAE      DAE       5E         0
                text1                               F00      F00       4A         0
                text0                               6DE      6DE      11C         0
                cinit                              1000     1000       1E         0

        CLASS   CONST          

        CLASS   SMALLCONST     
                smallconst                          300      300       14         0

        CLASS   MEDIUMCONST    

        CLASS   COMRAM         
                cstackCOMRAM                          1        1       5D         1
                bssCOMRAM                            5E       5E        2         1

        CLASS   ABS1           

        CLASS   BIGRAM         

        CLASS   RAM            

        CLASS   BANK0          
                cstackBANK0                          86       86       1E         1
                bssBANK0                             60       60       26         1

        CLASS   BANK1          

        CLASS   BANK2          

        CLASS   SFR            

        CLASS   FARRAM         

        CLASS   CONFIG         
                config                           300000   300000        E         0

        CLASS   IDLOC          
                idloc                            200000   200000        8         0

        CLASS   EEDATA         



SEGMENTS        Name                           Load    Length   Top    Selector   Space  Class

                reset_vec                      000000  000004  000004         0       0  CODE    
                cstackCOMRAM                   000001  00005F  000060         1       1  COMRAM  
                bssBANK0                       000060  000044  0000A4        60       1  BANK0   
                smallconst                     000300  000014  000314       180       0  SMALLCON
                text5                          000314  000D34  001048       18A       0  CODE    
                idloc                          200000  000008  200008    200000       0  IDLOC   
                config                         300000  00000E  30000E    300000       0  CONFIG  


UNUSED ADDRESS RANGES

        Name                Unused          Largest block    Delta
        BANK0            0000A4-0000FF               5C
        BANK1            000100-0001FF              100
        BANK2            000200-0002F3               F4
        BIGRAM           0000A4-0002F3              250
        CODE             000004-0002FF              2FC
                         001048-001DBF              D78
        CONST            000004-0002FF              2FC
                         001048-001DBF              D78
        EEDATA           F00000-F000FF              100
        MEDIUMCONST      001048-001DBF              D78
        RAM              0000A4-0002F3              100
        SFR              000F60-000F9B               3C
                         000F9D-000FD3               37
                         000FD5-000FDA                6
                         000FE0-000FE2                3
                         000FE8-000FEA                3
                         000FF0-000FFC                D
        SMALLCONST       001048-001DBF              100
        STACK            0000A4-0002F3              250

                                  Symbol Table

?___lodiv                cstackCOMRAM 000001
?___lomod                cstackCOMRAM 000001
?___lwdiv                cstackCOMRAM 000001
?_pad                    cstackCOMRAM 000011
?_sprintf                cstackCOMRAM 000056
?_strlen                 cstackCOMRAM 000001
?_utoa                   cstackCOMRAM 00001C
?_vfpfcnvrt              cstackCOMRAM 00003C
?_vfprintf               cstackCOMRAM 00004E
LCD_String@string        cstackCOMRAM 000004
LCDout@number            cstackCOMRAM 000001
SendLCD@Byte             cstackCOMRAM 000003
SendLCD@type             cstackCOMRAM 000002
SetLine@line             cstackCOMRAM 000004
TrackIR@LeftIR           cstackCOMRAM 000001
TrackIR@RightIR          cstackCOMRAM 000003
TrackIR@limit            cstackCOMRAM 000006
_ADCON0                  (abs)        000FC2
_ADCON1                  (abs)        000FC1
_ADCON2                  (abs)        000FC0
_ANSEL0                  (abs)        000FB8
_ANSEL1                  (abs)        000FB9
_CAP1BUFH                (abs)        000F69
_CAP1BUFL                (abs)        000F68
_CAP1CON                 (abs)        000F63
_CAP2BUFH                (abs)        000F67
_CAP2BUFL                (abs)        000F66
_DFLTCON                 (abs)        000F60
_E_TOG                   text20       001038
_IR_INIT                 text21       00101E
_LATA                    (abs)        000F89
_LATAbits                (abs)        000F89
_LATC                    (abs)        000F8B
_LATCbits                (abs)        000F8B
_LATD                    (abs)        000F8C
_LATDbits                (abs)        000F8C
_LCD_Init                text17       000B92
_LCD_String              text16       000F94
_LCDout                  text19       000CD0
_OSCCON                  (abs)        000FD3
_OSCCONbits              (abs)        000FD3
_SendLCD                 text18       000FD8
_SetLine                 text15       000F4A
_T5CON                   (abs)        000FB7
_TRISA                   (abs)        000F92
_TRISC                   (abs)        000F94
_TRISD                   (abs)        000F95
_TrackIR                 text14       000E0C
__CFG_OSC$IRCIO          (abs)        000000
__HRAM                   (abs)        000000
__Habs1                  abs1         000000
__Hbank0                 bank0        000000
__Hbank1                 bank1        000000
__Hbank2                 bank2        000000
__Hbigbss                bigbss       000000
__Hbigdata               bigdata      000000
__Hbigram                bigram       000000
__Hbss                   bss          000000
__HbssBANK0              bssBANK0     000000
__HbssCOMRAM             bssCOMRAM    000000
__Hcinit                 cinit        000000
__Hclrtext               clrtext      000000
__Hcomram                comram       000000
__Hconfig                config       30000E
__Hconst                 const        000000
__HcstackBANK0           cstackBANK0  000000
__HcstackCOMRAM          cstackCOMRAM 000000
__Hdata                  data         000000
__Heeprom_data           eeprom_data  000000
__Hfarbss                farbss       000000
__Hfardata               fardata      000000
__Hibigdata              ibigdata     000000
__Hidata                 idata        000000
__Hidloc                 idloc        200008
__Hifardata              ifardata     000000
__Hinit                  init         000004
__Hintcode               intcode      000000
__Hintcode_body          intcode_body 000000
__Hintcodelo             intcodelo    000000
__Hintentry              intentry     000000
__Hintret                intret       000000
__Hintsave_regs          intsave_regs 000000
__Hirdata                irdata       000000
__Hmediumconst           mediumconst  000000
__HnvFARRAM              nvFARRAM     000000
__Hnvbit                 nvbit        000000
__Hnvrram                nvrram       000000
__Hparam                 rparam       000000
__Hpowerup               powerup      000000
__Hram                   ram          000000
__Hramtop                ramtop       000300
__Hrbit                  rbit         000000
__Hrbss                  rbss         000000
__Hrdata                 rdata        000000
__Hreset_vec             reset_vec    000000
__Hrparam                rparam       000000
__Hsfr                   sfr          000000
__Hsmallconst            smallconst   000314
__Hspace_0               (abs)        30000E
__Hspace_1               (abs)        0000A4
__Hspace_2               (abs)        000000
__Hstack                 stack        000000
__Hstruct                struct       000000
__Htemp                  temp         000000
__Htext                  text         000000
__Htext0                 text0        000000
__Htext1                 text1        000000
__Htext10                text10       000000
__Htext11                text11       000000
__Htext12                text12       000000
__Htext13                text13       000000
__Htext14                text14       000000
__Htext15                text15       000000
__Htext16                text16       000000
__Htext17                text17       000000
__Htext18                text18       000000
__Htext19                text19       000000
__Htext2                 text2        000000
__Htext20                text20       000000
__Htext21                text21       000000
__Htext3                 text3        000000
__Htext4                 text4        000000
__Htext5                 text5        000000
__Htext6                 text6        000000
__Htext7                 text7        000000
__Htext8                 text8        000000
__Htext9                 text9        000000
__LRAM                   (abs)        000001
__Labs1                  abs1         000000
__Lbank0                 bank0        000000
__Lbank1                 bank1        000000
__Lbank2                 bank2        000000
__Lbigbss                bigbss       000000
__Lbigdata               bigdata      000000
__Lbigram                bigram       000000
__Lbss                   bss          000000
__LbssBANK0              bssBANK0     000000
__LbssCOMRAM             bssCOMRAM    000000
__Lcinit                 cinit        000000
__Lclrtext               clrtext      000000
__Lcomram                comram       000000
__Lconfig                config       300000
__Lconst                 const        000000
__LcstackBANK0           cstackBANK0  000000
__LcstackCOMRAM          cstackCOMRAM 000000
__Ldata                  data         000000
__Leeprom_data           eeprom_data  000000
__Lfarbss                farbss       000000
__Lfardata               fardata      000000
__Libigdata              ibigdata     000000
__Lidata                 idata        000000
__Lidloc                 idloc        200000
__Lifardata              ifardata     000000
__Linit                  init         000000
__Lintcode               intcode      000000
__Lintcode_body          intcode_body 000000
__Lintcodelo             intcodelo    000000
__Lintentry              intentry     000000
__Lintret                intret       000000
__Lintsave_regs          intsave_regs 000000
__Lirdata                irdata       000000
__Lmediumconst           mediumconst  000000
__LnvFARRAM              nvFARRAM     000000
__Lnvbit                 nvbit        000000
__Lnvrram                nvrram       000000
__Lparam                 rparam       000000
__Lpowerup               powerup      000000
__Lram                   ram          000000
__Lramtop                ramtop       000300
__Lrbit                  rbit         000000
__Lrbss                  rbss         000000
__Lrdata                 rdata        000000
__Lreset_vec             reset_vec    000000
__Lrparam                rparam       000000
__Lsfr                   sfr          000000
__Lsmallconst            smallconst   000300
__Lspace_0               (abs)        000000
__Lspace_1               (abs)        000000
__Lspace_2               (abs)        000000
__Lstack                 stack        000000
__Lstruct                struct       000000
__Ltemp                  temp         000000
__Ltext                  text         000000
__Ltext0                 text0        000000
__Ltext1                 text1        000000
__Ltext10                text10       000000
__Ltext11                text11       000000
__Ltext12                text12       000000
__Ltext13                text13       000000
__Ltext14                text14       000000
__Ltext15                text15       000000
__Ltext16                text16       000000
__Ltext17                text17       000000
__Ltext18                text18       000000
__Ltext19                text19       000000
__Ltext2                 text2        000000
__Ltext20                text20       000000
__Ltext21                text21       000000
__Ltext3                 text3        000000
__Ltext4                 text4        000000
__Ltext5                 text5        000000
__Ltext6                 text6        000000
__Ltext7                 text7        000000
__Ltext8                 text8        000000
__Ltext9                 text9        000000
__S0                     (abs)        30000E
__S1                     (abs)        0000A4
__S2                     (abs)        000000
___inthi_sp              stack        000000
___intlo_sp              stack        000000
___lodiv                 text12       0007FA
___lodiv@counter         cstackCOMRAM 000019
___lodiv@dividend        cstackCOMRAM 000001
___lodiv@divisor         cstackCOMRAM 000009
___lodiv@quotient        cstackCOMRAM 000011
___lomod                 text11       0008FE
___lomod@counter         cstackCOMRAM 000011
___lomod@dividend        cstackCOMRAM 000001
___lomod@divisor         cstackCOMRAM 000009
___lwdiv                 text13       000C48
___lwdiv@counter         cstackCOMRAM 000007
___lwdiv@dividend        cstackCOMRAM 000001
___lwdiv@divisor         cstackCOMRAM 000003
___lwdiv@quotient        cstackCOMRAM 000005
___param_bank            (abs)        000000
___rparam_used           (abs)        000001
___sp                    stack        000000
__accesstop              (abs)        000060
__activetblptr           (abs)        000001
__end_of_E_TOG           text20       001046
__end_of_IR_INIT         text21       001038
__end_of_LCD_Init        text17       000C48
__end_of_LCD_String      text16       000FD8
__end_of_LCDout          text19       000D48
__end_of_SendLCD         text18       001000
__end_of_SetLine         text15       000F94
__end_of_TrackIR         text14       000E62
__end_of___lodiv         text12       0008FE
__end_of___lomod         text11       0009E2
__end_of___lwdiv         text13       000CD0
__end_of__initialization cinit        001010
__end_of_fputc           text9        000AC0
__end_of_fputs           text8        000F00
__end_of_main            text0        0007FA
__end_of_pad             text6        000B92
__end_of_putch           text10       001048
__end_of_sprintf         text2        000E0C
__end_of_storeIR         text1        000F4A
__end_of_strlen          text7        000EB4
__end_of_utoa            text5        000538
__end_of_vfpfcnvrt       text4        0006DE
__end_of_vfprintf        text3        000DAE
__initialization         cinit        001000
__mediumconst            mediumconst  000000
__pbssBANK0              bssBANK0     000060
__pbssCOMRAM             bssCOMRAM    00005E
__pcinit                 cinit        001000
__pcstackBANK0           cstackBANK0  000086
__pcstackCOMRAM          cstackCOMRAM 000001
__psmallconst            smallconst   000300
__ptext0                 text0        0006DE
__ptext1                 text1        000F00
__ptext10                text10       001046
__ptext11                text11       0008FE
__ptext12                text12       0007FA
__ptext13                text13       000C48
__ptext14                text14       000E0C
__ptext15                text15       000F4A
__ptext16                text16       000F94
__ptext17                text17       000B92
__ptext18                text18       000FD8
__ptext19                text19       000CD0
__ptext2                 text2        000DAE
__ptext20                text20       001038
__ptext21                text21       00101E
__ptext3                 text3        000D48
__ptext4                 text4        000538
__ptext5                 text5        000314
__ptext6                 text6        000AC0
__ptext7                 text7        000E62
__ptext8                 text8        000EB4
__ptext9                 text9        0009E2
__ramtop                 ramtop       000300
__size_of_E_TOG          (abs)        000000
__size_of_IR_INIT        (abs)        000000
__size_of_LCD_Init       (abs)        000000
__size_of_LCD_String     (abs)        000000
__size_of_LCDout         (abs)        000000
__size_of_SendLCD        (abs)        000000
__size_of_SetLine        (abs)        000000
__size_of_TrackIR        (abs)        000000
__size_of___lodiv        (abs)        000000
__size_of___lomod        (abs)        000000
__size_of___lwdiv        (abs)        000000
__size_of_fputc          (abs)        000000
__size_of_fputs          (abs)        000000
__size_of_main           (abs)        000000
__size_of_pad            (abs)        000000
__size_of_putch          (abs)        000000
__size_of_sprintf        (abs)        000000
__size_of_storeIR        (abs)        000000
__size_of_strlen         (abs)        000000
__size_of_utoa           (abs)        000000
__size_of_vfpfcnvrt      (abs)        000000
__size_of_vfprintf       (abs)        000000
__smallconst             smallconst   000300
_dbuf                    bssBANK0     000066
_flags                   bssCOMRAM    00005E
_fputc                   text9        0009E2
_fputs                   text8        000EB4
_main                    text0        0006DE
_nout                    bssBANK0     000060
_pad                     text6        000AC0
_prec                    bssBANK0     000064
_putch                   text10       001046
_sprintf                 text2        000DAE
_storeIR                 text1        000F00
_strlen                  text7        000E62
_utoa                    text5        000314
_vfpfcnvrt               text4        000538
_vfprintf                text3        000D48
_width                   bssBANK0     000062
end_of_initialization    cinit        001010
fputc@c                  cstackCOMRAM 000001
fputc@fp                 cstackCOMRAM 000003
fputs@c                  cstackCOMRAM 00000E
fputs@fp                 cstackCOMRAM 00000C
fputs@i                  cstackCOMRAM 00000F
fputs@s                  cstackCOMRAM 00000A
intlevel0                text         000000
intlevel1                text         000000
intlevel2                text         000000
intlevel3                text         000000
main@LeftIR              cstackBANK0  0000A2
main@RightIR             cstackBANK0  0000A0
main@buf                 cstackBANK0  000090
pad@buf                  cstackCOMRAM 000013
pad@fp                   cstackCOMRAM 000011
pad@i                    cstackCOMRAM 000018
pad@p                    cstackCOMRAM 000015
pad@w                    cstackCOMRAM 00001A
sprintf@ap               cstackBANK0  000088
sprintf@f                cstackBANK0  00008A
sprintf@fmt              cstackCOMRAM 000058
sprintf@ret              cstackBANK0  000086
sprintf@s                cstackCOMRAM 000056
stackhi                  (abs)        0002F3
stacklo                  (abs)        0000A4
start                    init         000000
start_initialization     cinit        001000
storeIR@IR_L             cstackCOMRAM 000003
storeIR@IR_R             cstackCOMRAM 000001
strlen@a                 cstackCOMRAM 000005
strlen@s                 cstackCOMRAM 000001
utoa@d                   cstackCOMRAM 00001E
utoa@fp                  cstackCOMRAM 00001C
utoa@i                   cstackCOMRAM 00003A
utoa@n                   cstackCOMRAM 000032
utoa@p                   cstackCOMRAM 00002E
utoa@w                   cstackCOMRAM 000030
vfpfcnvrt@ap             cstackCOMRAM 000040
vfpfcnvrt@fmt            cstackCOMRAM 00003E
vfpfcnvrt@fp             cstackCOMRAM 00003C
vfpfcnvrt@llu            cstackCOMRAM 000046
vfprintf@ap              cstackCOMRAM 000052
vfprintf@cfmt            cstackCOMRAM 000054
vfprintf@fmt             cstackCOMRAM 000050
vfprintf@fp              cstackCOMRAM 00004E


FUNCTION INFORMATION:

 *************** function _main *****************
 Defined at:
		line 157 in file "main.c"
 Parameters:    Size  Location     Type
		None
 Auto vars:     Size  Location     Type
  buf            16   10[BANK0 ] unsigned char [16]
  LeftIR          2   28[BANK0 ] unsigned int 
  RightIR         2   26[BANK0 ] unsigned int 
 Return value:  Size  Location     Type
                  1    wreg      void 
 Registers used:
		wreg, fsr1l, fsr1h, fsr2l, fsr2h, status,2, status,0, tblptrl, tblptrh, tblptru, cstack
 Tracked objects:
		On entry : 
		On exit  : 
		Unchanged: 
 Data sizes:     COMRAM   BANK0   BANK1   BANK2
      Params:         0       0       0       0
      Locals:         0      20       0       0
      Temps:          0       0       0       0
      Totals:         0      20       0       0
Total ram usage:       20 bytes
 Hardware stack levels required when called:    8
 This function calls:
		_IR_INIT
		_LCD_Init
		_LCD_String
		_SendLCD
		_SetLine
		_TrackIR
		___lwdiv
		_sprintf
		_storeIR
 This function is called by:
		Startup code after reset
 This function uses a non-reentrant model


 *************** function _storeIR *****************
 Defined at:
		line 35 in file "main.c"
 Parameters:    Size  Location     Type
  IR_R            2    0[COMRAM] PTR unsigned int 
		 -> main@LeftIR(2), 
  IR_L            2    2[COMRAM] PTR unsigned int 
		 -> main@RightIR(2), 
 Auto vars:     Size  Location     Type
		None
 Return value:  Size  Location     Type
                  1    wreg      void 
 Registers used:
		wreg, fsr2l, fsr2h, status,2, status,0
 Tracked objects:
		On entry : 
		On exit  : 
		Unchanged: 
 Data sizes:     COMRAM   BANK0   BANK1   BANK2
      Params:         4       0       0       0
      Locals:         0       0       0       0
      Temps:          2       0       0       0
      Totals:         6       0       0       0
Total ram usage:        6 bytes
 Hardware stack levels used:    1
 This function calls:
		Nothing
 This function is called by:
		_main
 This function uses a non-reentrant model


 *************** function _sprintf *****************
 Defined at:
		line 9 in file "C:\Program Files (x86)\Microchip\xc8\v2.00\pic\sources\c99\common\nf_sprintf.c"
 Parameters:    Size  Location     Type
  s               2   85[COMRAM] PTR unsigned char 
		 -> main@buf(16), 
  fmt             2   87[COMRAM] PTR const unsigned char 
		 -> STR_2(10), STR_1(8), 
 Auto vars:     Size  Location     Type
  f               6    4[BANK0 ] struct _IO_FILE
  ap              2    2[BANK0 ] PTR void [1]
		 -> ?_sprintf(2), 
  ret             2    0[BANK0 ] int 
 Return value:  Size  Location     Type
                  2   85[COMRAM] int 
 Registers used:
		wreg, fsr1l, fsr1h, fsr2l, fsr2h, status,2, status,0, tblptrl, tblptrh, tblptru, cstack
 Tracked objects:
		On entry : 
		On exit  : 
		Unchanged: 
 Data sizes:     COMRAM   BANK0   BANK1   BANK2
      Params:         8       0       0       0
      Locals:         0      10       0       0
      Temps:          0       0       0       0
      Totals:         8      10       0       0
Total ram usage:       18 bytes
 Hardware stack levels used:    1
 Hardware stack levels required when called:    7
 This function calls:
		_vfprintf
 This function is called by:
		_main
 This function uses a non-reentrant model


 *************** function _vfprintf *****************
 Defined at:
		line 1368 in file "C:\Program Files (x86)\Microchip\xc8\v2.00\pic\sources\c99\common\doprnt.c"
 Parameters:    Size  Location     Type
  fp              2   77[COMRAM] PTR struct _IO_FILE
		 -> sprintf@f(6), 
  fmt             2   79[COMRAM] PTR const unsigned char 
		 -> STR_2(10), STR_1(8), 
  ap              2   81[COMRAM] PTR PTR void 
		 -> sprintf@ap(2), 
 Auto vars:     Size  Location     Type
  cfmt            2   83[COMRAM] PTR unsigned char 
		 -> STR_2(10), STR_1(8), 
 Return value:  Size  Location     Type
                  2   77[COMRAM] int 
 Registers used:
		wreg, fsr1l, fsr1h, fsr2l, fsr2h, status,2, status,0, tblptrl, tblptrh, tblptru, cstack
 Tracked objects:
		On entry : 
		On exit  : 
		Unchanged: 
 Data sizes:     COMRAM   BANK0   BANK1   BANK2
      Params:         6       0       0       0
      Locals:         2       0       0       0
      Temps:          0       0       0       0
      Totals:         8       0       0       0
Total ram usage:        8 bytes
 Hardware stack levels used:    1
 Hardware stack levels required when called:    6
 This function calls:
		_vfpfcnvrt
 This function is called by:
		_sprintf
 This function uses a non-reentrant model


 *************** function _vfpfcnvrt *****************
 Defined at:
		line 670 in file "C:\Program Files (x86)\Microchip\xc8\v2.00\pic\sources\c99\common\doprnt.c"
 Parameters:    Size  Location     Type
  fp              2   59[COMRAM] PTR struct _IO_FILE
		 -> sprintf@f(6), 
  fmt             2   61[COMRAM] PTR PTR unsigned char 
		 -> vfprintf@cfmt(2), 
  ap              2   63[COMRAM] PTR PTR void 
		 -> sprintf@ap(2), 
 Auto vars:     Size  Location     Type
  llu             8   69[COMRAM] unsigned long long 
  ll              8    0        long long 
  f               4    0        long long 
  vp              3    0        PTR void 
  ct              3    0        unsigned char [3]
  cp              3    0        PTR unsigned char 
  i               2    0        int 
  done            2    0        int 
  c               1    0        unsigned char 
 Return value:  Size  Location     Type
                  2   59[COMRAM] int 
 Registers used:
		wreg, fsr1l, fsr1h, fsr2l, fsr2h, status,2, status,0, tblptrl, tblptrh, tblptru, cstack
 Tracked objects:
		On entry : 
		On exit  : 
		Unchanged: 
 Data sizes:     COMRAM   BANK0   BANK1   BANK2
      Params:         6       0       0       0
      Locals:         8       0       0       0
      Temps:          4       0       0       0
      Totals:        18       0       0       0
Total ram usage:       18 bytes
 Hardware stack levels used:    1
 Hardware stack levels required when called:    5
 This function calls:
		_fputc
		_utoa
 This function is called by:
		_vfprintf
 This function uses a non-reentrant model


 *************** function _utoa *****************
 Defined at:
		line 593 in file "C:\Program Files (x86)\Microchip\xc8\v2.00\pic\sources\c99\common\doprnt.c"
 Parameters:    Size  Location     Type
  fp              2   27[COMRAM] PTR struct _IO_FILE
		 -> sprintf@f(6), 
  d               8   29[COMRAM] unsigned long long 
 Auto vars:     Size  Location     Type
  n               8   49[COMRAM] unsigned long long 
  i               2   57[COMRAM] int 
  w               2   47[COMRAM] int 
  p               2   45[COMRAM] int 
 Return value:  Size  Location     Type
                  2   27[COMRAM] int 
 Registers used:
		wreg, fsr1l, fsr1h, fsr2l, fsr2h, status,2, status,0, cstack
 Tracked objects:
		On entry : 
		On exit  : 
		Unchanged: 
 Data sizes:     COMRAM   BANK0   BANK1   BANK2
      Params:        10       0       0       0
      Locals:        14       0       0       0
      Temps:          8       0       0       0
      Totals:        32       0       0       0
Total ram usage:       32 bytes
 Hardware stack levels used:    1
 Hardware stack levels required when called:    4
 This function calls:
		___lodiv
		___lomod
		_pad
 This function is called by:
		_vfpfcnvrt
 This function uses a non-reentrant model


 *************** function _pad *****************
 Defined at:
		line 72 in file "C:\Program Files (x86)\Microchip\xc8\v2.00\pic\sources\c99\common\doprnt.c"
 Parameters:    Size  Location     Type
  fp              2   16[COMRAM] PTR struct _IO_FILE
		 -> sprintf@f(6), 
  buf             2   18[COMRAM] PTR unsigned char 
		 -> dbuf(32), 
  p               2   20[COMRAM] int 
 Auto vars:     Size  Location     Type
  w               2   25[COMRAM] int 
  i               2   23[COMRAM] int 
 Return value:  Size  Location     Type
                  2   16[COMRAM] int 
 Registers used:
		wreg, fsr1l, fsr1h, fsr2l, fsr2h, status,2, status,0, cstack
 Tracked objects:
		On entry : 
		On exit  : 
		Unchanged: 
 Data sizes:     COMRAM   BANK0   BANK1   BANK2
      Params:         6       0       0       0
      Locals:         4       0       0       0
      Temps:          1       0       0       0
      Totals:        11       0       0       0
Total ram usage:       11 bytes
 Hardware stack levels used:    1
 Hardware stack levels required when called:    3
 This function calls:
		_fputc
		_fputs
		_strlen
 This function is called by:
		_utoa
 This function uses a non-reentrant model


 *************** function _strlen *****************
 Defined at:
		line 12 in file "C:\Program Files (x86)\Microchip\xc8\v2.00\pic\sources\c99\common\strlen.c"
 Parameters:    Size  Location     Type
  s               2    0[COMRAM] PTR const unsigned char 
		 -> dbuf(32), 
 Auto vars:     Size  Location     Type
  a               2    4[COMRAM] PTR const unsigned char 
		 -> dbuf(32), 
 Return value:  Size  Location     Type
                  2    0[COMRAM] unsigned int 
 Registers used:
		wreg, fsr2l, fsr2h, status,2, status,0
 Tracked objects:
		On entry : 
		On exit  : 
		Unchanged: 
 Data sizes:     COMRAM   BANK0   BANK1   BANK2
      Params:         2       0       0       0
      Locals:         2       0       0       0
      Temps:          2       0       0       0
      Totals:         6       0       0       0
Total ram usage:        6 bytes
 Hardware stack levels used:    1
 This function calls:
		Nothing
 This function is called by:
		_pad
 This function uses a non-reentrant model


 *************** function _fputs *****************
 Defined at:
		line 8 in file "C:\Program Files (x86)\Microchip\xc8\v2.00\pic\sources\c99\common\nf_fputs.c"
 Parameters:    Size  Location     Type
  s               2    9[COMRAM] PTR const unsigned char 
		 -> dbuf(32), 
  fp              2   11[COMRAM] PTR struct _IO_FILE
		 -> sprintf@f(6), 
 Auto vars:     Size  Location     Type
  i               2   14[COMRAM] int 
  c               1   13[COMRAM] unsigned char 
 Return value:  Size  Location     Type
                  2    9[COMRAM] int 
 Registers used:
		wreg, fsr1l, fsr1h, fsr2l, fsr2h, status,2, status,0, cstack
 Tracked objects:
		On entry : 
		On exit  : 
		Unchanged: 
 Data sizes:     COMRAM   BANK0   BANK1   BANK2
      Params:         4       0       0       0
      Locals:         3       0       0       0
      Temps:          0       0       0       0
      Totals:         7       0       0       0
Total ram usage:        7 bytes
 Hardware stack levels used:    1
 Hardware stack levels required when called:    2
 This function calls:
		_fputc
 This function is called by:
		_pad
 This function uses a non-reentrant model


 *************** function _fputc *****************
 Defined at:
		line 8 in file "C:\Program Files (x86)\Microchip\xc8\v2.00\pic\sources\c99\common\nf_fputc.c"
 Parameters:    Size  Location     Type
  c               2    0[COMRAM] int 
  fp              2    2[COMRAM] PTR struct _IO_FILE
		 -> sprintf@f(6), 
 Auto vars:     Size  Location     Type
		None
 Return value:  Size  Location     Type
                  2    0[COMRAM] int 
 Registers used:
		wreg, fsr1l, fsr1h, fsr2l, fsr2h, status,2, status,0, cstack
 Tracked objects:
		On entry : 
		On exit  : 
		Unchanged: 
 Data sizes:     COMRAM   BANK0   BANK1   BANK2
      Params:         4       0       0       0
      Locals:         0       0       0       0
      Temps:          5       0       0       0
      Totals:         9       0       0       0
Total ram usage:        9 bytes
 Hardware stack levels used:    1
 Hardware stack levels required when called:    1
 This function calls:
		_putch
 This function is called by:
		_pad
		_vfpfcnvrt
		_fputs
 This function uses a non-reentrant model


 *************** function _putch *****************
 Defined at:
		line 7 in file "C:\Program Files (x86)\Microchip\xc8\v2.00\pic\sources\c99\common\putch.c"
 Parameters:    Size  Location     Type
  c               1    wreg     unsigned char 
 Auto vars:     Size  Location     Type
  c               1    0[COMRAM] unsigned char 
 Return value:  Size  Location     Type
                  1    wreg      void 
 Registers used:
		wreg
 Tracked objects:
		On entry : 
		On exit  : 
		Unchanged: 
 Data sizes:     COMRAM   BANK0   BANK1   BANK2
      Params:         0       0       0       0
      Locals:         0       0       0       0
      Temps:          0       0       0       0
      Totals:         0       0       0       0
Total ram usage:        0 bytes
 Hardware stack levels used:    1
 This function calls:
		Nothing
 This function is called by:
		_fputc
 This function uses a non-reentrant model


 *************** function ___lomod *****************
 Defined at:
		line 9 in file "C:\Program Files (x86)\Microchip\xc8\v2.00\pic\sources\c99\common\lomod.c"
 Parameters:    Size  Location     Type
  dividend        8    0[COMRAM] unsigned long long 
  divisor         8    8[COMRAM] unsigned long long 
 Auto vars:     Size  Location     Type
  counter         1   16[COMRAM] unsigned char 
 Return value:  Size  Location     Type
                  8    0[COMRAM] unsigned long long 
 Registers used:
		wreg, status,2, status,0
 Tracked objects:
		On entry : 
		On exit  : 
		Unchanged: 
 Data sizes:     COMRAM   BANK0   BANK1   BANK2
      Params:        16       0       0       0
      Locals:         1       0       0       0
      Temps:          0       0       0       0
      Totals:        17       0       0       0
Total ram usage:       17 bytes
 Hardware stack levels used:    1
 This function calls:
		Nothing
 This function is called by:
		_utoa
 This function uses a non-reentrant model


 *************** function ___lodiv *****************
 Defined at:
		line 9 in file "C:\Program Files (x86)\Microchip\xc8\v2.00\pic\sources\c99\common\lodiv.c"
 Parameters:    Size  Location     Type
  dividend        8    0[COMRAM] unsigned long long 
  divisor         8    8[COMRAM] unsigned long long 
 Auto vars:     Size  Location     Type
  quotient        8   16[COMRAM] unsigned long long 
  counter         1   24[COMRAM] unsigned char 
 Return value:  Size  Location     Type
                  8    0[COMRAM] unsigned long long 
 Registers used:
		wreg, fsr2l, fsr2h, status,2, status,0
 Tracked objects:
		On entry : 
		On exit  : 
		Unchanged: 
 Data sizes:     COMRAM   BANK0   BANK1   BANK2
      Params:        16       0       0       0
      Locals:         9       0       0       0
      Temps:          0       0       0       0
      Totals:        25       0       0       0
Total ram usage:       25 bytes
 Hardware stack levels used:    1
 This function calls:
		Nothing
 This function is called by:
		_utoa
 This function uses a non-reentrant model


 *************** function ___lwdiv *****************
 Defined at:
		line 7 in file "C:\Program Files (x86)\Microchip\xc8\v2.00\pic\sources\c99\common\lwdiv.c"
 Parameters:    Size  Location     Type
  dividend        2    0[COMRAM] unsigned int 
  divisor         2    2[COMRAM] unsigned int 
 Auto vars:     Size  Location     Type
  quotient        2    4[COMRAM] unsigned int 
  counter         1    6[COMRAM] unsigned char 
 Return value:  Size  Location     Type
                  2    0[COMRAM] unsigned int 
 Registers used:
		wreg, status,2, status,0
 Tracked objects:
		On entry : 
		On exit  : 
		Unchanged: 
 Data sizes:     COMRAM   BANK0   BANK1   BANK2
      Params:         4       0       0       0
      Locals:         3       0       0       0
      Temps:          0       0       0       0
      Totals:         7       0       0       0
Total ram usage:        7 bytes
 Hardware stack levels used:    1
 This function calls:
		Nothing
 This function is called by:
		_main
 This function uses a non-reentrant model


 *************** function _TrackIR *****************
 Defined at:
		line 40 in file "main.c"
 Parameters:    Size  Location     Type
  LeftIR          2    0[COMRAM] int 
  RightIR         2    2[COMRAM] int 
 Auto vars:     Size  Location     Type
  limit           2    5[COMRAM] int 
 Return value:  Size  Location     Type
                  1    wreg      void 
 Registers used:
		wreg, status,2, status,0
 Tracked objects:
		On entry : 
		On exit  : 
		Unchanged: 
 Data sizes:     COMRAM   BANK0   BANK1   BANK2
      Params:         4       0       0       0
      Locals:         2       0       0       0
      Temps:          1       0       0       0
      Totals:         7       0       0       0
Total ram usage:        7 bytes
 Hardware stack levels used:    1
 This function calls:
		Nothing
 This function is called by:
		_main
 This function uses a non-reentrant model


 *************** function _SetLine *****************
 Defined at:
		line 132 in file "main.c"
 Parameters:    Size  Location     Type
  line            1    wreg     unsigned char 
 Auto vars:     Size  Location     Type
  line            1    3[COMRAM] unsigned char 
 Return value:  Size  Location     Type
                  1    wreg      void 
 Registers used:
		wreg, status,2, status,0, cstack
 Tracked objects:
		On entry : 
		On exit  : 
		Unchanged: 
 Data sizes:     COMRAM   BANK0   BANK1   BANK2
      Params:         0       0       0       0
      Locals:         1       0       0       0
      Temps:          0       0       0       0
      Totals:         1       0       0       0
Total ram usage:        1 bytes
 Hardware stack levels used:    1
 Hardware stack levels required when called:    3
 This function calls:
		_SendLCD
 This function is called by:
		_main
 This function uses a non-reentrant model


 *************** function _LCD_String *****************
 Defined at:
		line 145 in file "main.c"
 Parameters:    Size  Location     Type
  string          2    3[COMRAM] PTR unsigned char 
		 -> main@buf(16), 
 Auto vars:     Size  Location     Type
		None
 Return value:  Size  Location     Type
                  1    wreg      void 
 Registers used:
		wreg, fsr2l, fsr2h, status,2, status,0, cstack
 Tracked objects:
		On entry : 
		On exit  : 
		Unchanged: 
 Data sizes:     COMRAM   BANK0   BANK1   BANK2
      Params:         2       0       0       0
      Locals:         0       0       0       0
      Temps:          0       0       0       0
      Totals:         2       0       0       0
Total ram usage:        2 bytes
 Hardware stack levels used:    1
 Hardware stack levels required when called:    3
 This function calls:
		_SendLCD
 This function is called by:
		_main
 This function uses a non-reentrant model


 *************** function _LCD_Init *****************
 Defined at:
		line 89 in file "main.c"
 Parameters:    Size  Location     Type
		None
 Auto vars:     Size  Location     Type
		None
 Return value:  Size  Location     Type
                  1    wreg      void 
 Registers used:
		wreg, status,2, status,0, cstack
 Tracked objects:
		On entry : 
		On exit  : 
		Unchanged: 
 Data sizes:     COMRAM   BANK0   BANK1   BANK2
      Params:         0       0       0       0
      Locals:         0       0       0       0
      Temps:          1       0       0       0
      Totals:         1       0       0       0
Total ram usage:        1 bytes
 Hardware stack levels used:    1
 Hardware stack levels required when called:    3
 This function calls:
		_LCDout
		_SendLCD
 This function is called by:
		_main
 This function uses a non-reentrant model


 *************** function _SendLCD *****************
 Defined at:
		line 75 in file "main.c"
 Parameters:    Size  Location     Type
  Byte            1    wreg     unsigned char 
  type            1    1[COMRAM] unsigned char 
 Auto vars:     Size  Location     Type
  Byte            1    2[COMRAM] unsigned char 
 Return value:  Size  Location     Type
                  1    wreg      void 
 Registers used:
		wreg, status,2, status,0, cstack
 Tracked objects:
		On entry : 
		On exit  : 
		Unchanged: 
 Data sizes:     COMRAM   BANK0   BANK1   BANK2
      Params:         1       0       0       0
      Locals:         1       0       0       0
      Temps:          0       0       0       0
      Totals:         2       0       0       0
Total ram usage:        2 bytes
 Hardware stack levels used:    1
 Hardware stack levels required when called:    2
 This function calls:
		_LCDout
 This function is called by:
		_LCD_Init
		_SetLine
		_LCD_String
		_main
 This function uses a non-reentrant model


 *************** function _LCDout *****************
 Defined at:
		line 63 in file "main.c"
 Parameters:    Size  Location     Type
  number          1    wreg     unsigned char 
 Auto vars:     Size  Location     Type
  number          1    0[COMRAM] unsigned char 
 Return value:  Size  Location     Type
                  1    wreg      void 
 Registers used:
		wreg, cstack
 Tracked objects:
		On entry : 
		On exit  : 
		Unchanged: 
 Data sizes:     COMRAM   BANK0   BANK1   BANK2
      Params:         0       0       0       0
      Locals:         1       0       0       0
      Temps:          0       0       0       0
      Totals:         1       0       0       0
Total ram usage:        1 bytes
 Hardware stack levels used:    1
 Hardware stack levels required when called:    1
 This function calls:
		_E_TOG
 This function is called by:
		_SendLCD
		_LCD_Init
 This function uses a non-reentrant model


 *************** function _E_TOG *****************
 Defined at:
		line 57 in file "main.c"
 Parameters:    Size  Location     Type
		None
 Auto vars:     Size  Location     Type
		None
 Return value:  Size  Location     Type
                  1    wreg      void 
 Registers used:
		wreg
 Tracked objects:
		On entry : 
		On exit  : 
		Unchanged: 
 Data sizes:     COMRAM   BANK0   BANK1   BANK2
      Params:         0       0       0       0
      Locals:         0       0       0       0
      Temps:          0       0       0       0
      Totals:         0       0       0       0
Total ram usage:        0 bytes
 Hardware stack levels used:    1
 This function calls:
		Nothing
 This function is called by:
		_LCDout
 This function uses a non-reentrant model


 *************** function _IR_INIT *****************
 Defined at:
		line 25 in file "main.c"
 Parameters:    Size  Location     Type
		None
 Auto vars:     Size  Location     Type
		None
 Return value:  Size  Location     Type
                  1    wreg      void 
 Registers used:
		wreg, status,2
 Tracked objects:
		On entry : 
		On exit  : 
		Unchanged: 
 Data sizes:     COMRAM   BANK0   BANK1   BANK2
      Params:         0       0       0       0
      Locals:         0       0       0       0
      Temps:          0       0       0       0
      Totals:         0       0       0       0
Total ram usage:        0 bytes
 Hardware stack levels used:    1
 This function calls:
		Nothing
 This function is called by:
		_main
 This function uses a non-reentrant model



MODULE INFORMATION

Module		Function		Class		Link	Load	Size
C:\Program Files (x86)\Microchip\xc8\v2.00\pic\sources\c99\common\lomod.c
		___lomod       		CODE           	08FE	0000	229

C:\Program Files (x86)\Microchip\xc8\v2.00\pic\sources\c99\common\lomod.c estimated size: 229

C:\Program Files (x86)\Microchip\xc8\v2.00\pic\sources\c99\common\putch.c
		_putch         		CODE           	1046	0000	3

C:\Program Files (x86)\Microchip\xc8\v2.00\pic\sources\c99\common\putch.c estimated size: 3

C:\Program Files (x86)\Microchip\xc8\v2.00\pic\sources\c99\common\strlen.c
		_strlen        		CODE           	0E62	0000	83

C:\Program Files (x86)\Microchip\xc8\v2.00\pic\sources\c99\common\strlen.c estimated size: 83

C:\Program Files (x86)\Microchip\xc8\v2.00\pic\sources\c99\common\nf_fputc.c
		_fputc         		CODE           	09E2	0000	223

C:\Program Files (x86)\Microchip\xc8\v2.00\pic\sources\c99\common\nf_fputc.c estimated size: 223

C:\Program Files (x86)\Microchip\xc8\v2.00\pic\sources\c99\common\nf_sprintf.c
		_sprintf       		CODE           	0DAE	0000	95

C:\Program Files (x86)\Microchip\xc8\v2.00\pic\sources\c99\common\nf_sprintf.c estimated size: 95

C:\Program Files (x86)\Microchip\xc8\v2.00\pic\sources\c99\common\lodiv.c
		___lodiv       		CODE           	07FA	0000	261

C:\Program Files (x86)\Microchip\xc8\v2.00\pic\sources\c99\common\lodiv.c estimated size: 261

C:\Program Files (x86)\Microchip\xc8\v2.00\pic\sources\c99\common\doprnt.c
		_vfpfcnvrt     		CODE           	0538	0000	423
		_pad           		CODE           	0AC0	0000	211
		_vfprintf      		CODE           	0D48	0000	103
		_utoa          		CODE           	0314	0000	549

C:\Program Files (x86)\Microchip\xc8\v2.00\pic\sources\c99\common\doprnt.c estimated size: 1286

C:\Program Files (x86)\Microchip\xc8\v2.00\pic\sources\c99\common\lwdiv.c
		___lwdiv       		CODE           	0C48	0000	137

C:\Program Files (x86)\Microchip\xc8\v2.00\pic\sources\c99\common\lwdiv.c estimated size: 137

shared
		__initialization		CODE           	1000	0000	17

shared estimated size: 17

main.c
		_TrackIR       		CODE           	0E0C	0000	87
		_SetLine       		CODE           	0F4A	0000	75
		_LCD_String    		CODE           	0F94	0000	69
		_LCD_Init      		CODE           	0B92	0000	183
		_storeIR       		CODE           	0F00	0000	75
		_IR_INIT       		CODE           	101E	0000	27
		_main          		CODE           	06DE	0000	285
		_SendLCD       		CODE           	0FD8	0000	41
		_E_TOG         		CODE           	1038	0000	15
		_LCDout        		CODE           	0CD0	0000	121

main.c estimated size: 978

C:\Program Files (x86)\Microchip\xc8\v2.00\pic\sources\c99\common\nf_fputs.c
		_fputs         		CODE           	0EB4	0000	77

C:\Program Files (x86)\Microchip\xc8\v2.00\pic\sources\c99\common\nf_fputs.c estimated size: 77

